[sentratani.com/product-category/pupuk/index.html]
[backblue.gif]
[fade.gif]
[index.html]
[c0.wp.com/c/5.5.3/wp-includes/css/dist/block-library/style.min.css]
[c0.wp.com/p/woocommerce/3.6.5/assets/css/blocks/style.css]
[sentratani.com/wp-content/plugins/perfect-woocommerce-brands/assets/css/styles-frontend.min29af.css]
[c0.wp.com/p/woocommerce/3.6.5/assets/css/woocommerce-layout.css]
[c0.wp.com/p/woocommerce/3.6.5/assets/css/woocommerce-smallscreen.css]
[c0.wp.com/p/woocommerce/3.6.5/assets/css/woocommerce.css]
[sentratani.com/wp-content/plugins/wpfomify/assets/css/frontendec68.css]
[sentratani.com/wp-content/plugins/woo-xendit-virtual-accounts/assets/css/xendit-pg-stylef269.css]
[c0.wp.com/c/5.5.3/wp-includes/css/dashicons.min.css]
[sentratani.com/wp-content/plugins/woowa/public/css/intlTelInput5697.css]
[sentratani.com/wp-content/themes/landingpress-wp/styleddcb.css]
[c0.wp.com/p/jetpack/8.2.2/css/jetpack.css]
[c0.wp.com/c/5.5.3/wp-includes/js/jquery/jquery.js]
[sentratani.com/wp-content/plugins/wpfomify/assets/js/jquery.cookie5697.js]
[sentratani.com/wp-content/plugins/ewww-image-optimizer/includes/lazysizes.min9ae2.js]
[sentratani.com/wp-content/plugins/woowa/public/js/intlTelInput5697.js]
[sentratani.com/wp-content/uploads/2016/02/SENTRATANI-180.png]
[sentratani.com/wp-content/uploads/2016/09/SENTRATANI-128.png]
[connect.facebook.net/en_US/fbevents.js]
[sentratani.com/wp-content/uploads/2019/07/cropped-SENTRATANI-32x32.png]
[sentratani.com/wp-content/uploads/2019/07/cropped-SENTRATANI-192x192.png]
[sentratani.com/wp-content/uploads/2019/07/cropped-SENTRATANI-180x180.png]
[sentratani.com/wp-content/uploads/2020/08/cropped-header-sentratani-7-scaled-2.jpg]
[sentratani.com/wp-content/uploads/2020/10/Vitamin-B1-Untuk-Tanaman-1.jpg]
[sentratani.com/wp-content/uploads/2020/09/Pupuk-Cair-Biofarm-Plus-Booster-Pembuahan-300x300.jpg]
[sentratani.com/wp-content/uploads/2020/09/Pupuk-Cair-Biofarm-Plus-Booster-Pertumbuhan-300x300.jpg]
[sentratani.com/wp-content/uploads/2020/07/LEILI-2000.jpg]
[sentratani.com/wp-content/uploads/2020/07/Rhizatun-Hormon-Perangsang-Tanaman.jpg]
[sentratani.com/wp-content/uploads/2020/01/NPK-17-17-17-CIPMAPE.jpg]
[sentratani.com/wp-content/uploads/2019/12/Pupuk-Organik-Cair-Super-Green.jpg]
[sentratani.com/wp-content/uploads/2019/11/Pupuk-Hantu-1.jpg]
[sentratani.com/wp-content/uploads/2019/11/Pupuk-Hantu.jpg]
[sentratani.com/wp-content/uploads/2019/08/pupuk-dolomit-300x300.jpg]
[sentratani.com/wp-content/uploads/2019/08/molase-tetes-tebu-300x300.jpg]
[sentratani.com/wp-content/uploads/2019/08/Jual-pupuk-gandasil-daun-300x300.jpg]
[sentratani.com/wp-content/uploads/2019/10/Pupuk-Amonium-Nitrat-CANTIK-2-300x300.png]
[sentratani.com/wp-content/uploads/2019/08/Jual-pupuk-gandasil-buah-300x300.jpg]
[sentratani.com/wp-content/uploads/2019/08/PAK-TANI-PN-PRILL-KNO3-PUTIH-2KG-300x300.png]
[sentratani.com/wp-content/uploads/2019/08/arang-sekam-untuk-media-tanam-300x300.jpg]
[sentratani.com/wp-content/uploads/2019/08/hormon-penumbuh-akar-228x300.png]
[sentratani.com/wp-content/uploads/2019/08/hormon-perangsang-akar-300x300.png]
[sentratani.com/wp-content/uploads/2019/08/Jual-EM4-Pertanian-239x300.png]
[sentratani.com/wp-content/uploads/2019/08/Jual-Inokulan-Gaharu-FUGHA-300x300.png]
[sentratani.com/wp-content/uploads/2019/08/Benih-Bibit-Pare-Hainan-F1-300x300.png]
[sentratani.com/wp-content/uploads/2019/08/Benih-Bibit-Cabe-Merah-Besar-BAJA-F1-10gr-228x300.png]
[sentratani.com/wp-content/uploads/2019/08/tomat-selvi-F1-283x300.png]
[sentratani.com/wp-content/uploads/2019/08/Kubis-Green-Nova-20-ml-300x300.png]
[sentratani.com/wp-content/uploads/2019/07/Bibit-Tanaman-Buah-Cherry-Vietnam.png]
[sentratani.com/wp-content/uploads/2019/08/Benih-Buncis-Biji-Putih-LOGAWA-500gr-300x300.png]
[sentratani.com/wp-content/uploads/2019/08/Benih-Jagung-Ketan-PARAMITA-200-Biji-271x300.png]
[sentratani.com/wp-content/uploads/2019/08/Benih-Kembang-Kol-Aquina-10-Gram-222x300.png]
[sentratani.com/wp-content/uploads/2019/08/Benih-Labu-Madu-F1-50-Biji-300x300.png]
[unpkg.com/sweetalert@2.1.2/dist/sweetalert.min.js]
[sentratani.com/wp-content/uploads/2019/08/Benih-Semangka-Baginda-F1-80-Biji.png]
[sentratani.com/wp-content/plugins/perfect-woocommerce-brands/assets/js/functions-frontend.min29af.js]
[c0.wp.com/p/woocommerce/3.6.5/assets/js/jquery-blockui/jquery.blockUI.min.js]
[c0.wp.com/p/woocommerce/3.6.5/assets/js/js-cookie/js.cookie.min.js]
[c0.wp.com/p/woocommerce/3.6.5/assets/js/frontend/woocommerce.min.js]
[c0.wp.com/p/woocommerce/3.6.5/assets/js/frontend/cart-fragments.min.js]
[sentratani.com/wp-content/plugins/wpfomify/assets/js/frontendec68.js]
[sentratani.com/wp-content/plugins/mailchimp-for-woocommerce/public/js/mailchimp-woocommerce-public.min6472.js]
[sentratani.com/wp-content/plugins/wpfomify/extensions/custom-form/assets/js/frontend-custom-formec68.js]
[c0.wp.com/p/woocommerce/3.6.5/assets/js/frontend/country-select.min.js]
[c0.wp.com/p/woocommerce/3.6.5/assets/js/frontend/address-i18n.min.js]
[c0.wp.com/p/woocommerce/3.6.5/assets/js/frontend/checkout.min.js]
[sentratani.com/wp-content/plugins/woo-xendit-virtual-accounts/assets/xendit.app5697.js]
[cdn.onesignal.com/sdks/OneSignalSDK5697.js]
[sentratani.com/wp-content/themes/landingpress-wp/assets/js/script.minddcb.js]
[sentratani.com/product-category/pupuk/index.html]
[sentratani.com/product-category/pupuk/page/2/index.html]
[sentratani.com/product-category/pupuk/feed/index.html]
[c0.wp.com/c/5.5.3/wp-includes/css/dist/block-library/style.min.css]
[c0.wp.com/p/woocommerce/3.6.5/assets/css/blocks/style.css]
[sentratani.com/wp-content/plugins/perfect-woocommerce-brands/assets/css/styles-frontend.min29af.css]
[c0.wp.com/p/woocommerce/3.6.5/assets/css/woocommerce-layout.css]
[c0.wp.com/p/woocommerce/3.6.5/assets/css/woocommerce-smallscreen.css]
[c0.wp.com/p/woocommerce/3.6.5/assets/css/woocommerce.css]
[sentratani.com/wp-content/plugins/wpfomify/assets/css/frontendec68.css]
[sentratani.com/wp-content/plugins/woo-xendit-virtual-accounts/assets/css/xendit-pg-stylef269.css]
[c0.wp.com/c/5.5.3/wp-includes/css/dashicons.min.css]
[stats.wp.com/e-202045.js]
[sentratani.com/wp-content/plugins/woowa/public/css/intlTelInput5697.css]
[sentratani.com/wp-content/plugins/woowa/public/img/flags16.png]
[sentratani.com/wp-content/themes/landingpress-wp/assets/images/select-arrow.png]
[sentratani.com/wp-content/themes/landingpress-wp/styleddcb.css]
[c0.wp.com/p/jetpack/8.2.2/modules/carousel/images/arrows.png]
[c0.wp.com/p/jetpack/8.2.2/modules/carousel/images/arrows-2x.png]
[c0.wp.com/p/jetpack/8.2.2/modules/carousel/images/carousel-spritee4da.png]
[c0.wp.com/p/jetpack/8.2.2/modules/carousel/images/carousel-sprite-2xe4da.png]
[c0.wp.com/p/jetpack/8.2.2/modules/shortcodes/img/slideshow-controls.png]
[c0.wp.com/p/jetpack/8.2.2/modules/shortcodes/img/slideshow-controls-2x.png]
[c0.wp.com/p/jetpack/8.2.2/modules/shortcodes/images/slide-nav.png]
[c0.wp.com/p/jetpack/8.2.2/modules/shortcodes/images/expand.png]
[c0.wp.com/p/jetpack/8.2.2/modules/shortcodes/images/collapse.png]
[secure.gravatar.com/images/grav-share-sprite.png]
[c0.wp.com/p/jetpack/8.2.2/css/jetpack.css]
[www.googletagmanager.com/gtm5445.html]
[connect.facebook.net/en_US/fbevents.js]
[sentratani.com/product-category/pupuk/OneSignalSDKUpdaterWorker.js.html]
[sentratani.com/product-category/pupuk/OneSignalSDKWorker.js.html]
[sentratani.com/product-category/pupuk/POST.html]
